// Jest Snapshot v1, https://goo.gl/fbAQLP

exports[`ðŸ”¬ CTA Hero Block ðŸ”Ž Block should be available. 1`] = `
"<!-- wp:purdue-blocks/cta-hero -->
<div class=\\"pu-cta-hero\\"><div class=\\"hero is-large\\"><div class=\\"hero-body\\"><div class=\\"background-image\\" aria-label=\\"\\"><style>
              .background-image {background-image: url();}
              @media (max-width: 767px) {
                .background-image {background-image: url();}
              }
            </style></div><div class=\\"container\\"><div class=\\"content\\"><h1></h1><a href=\\"\\" class=\\"pu-cta-hero__button\\"></a></div></div></div></div></div>
<!-- /wp:purdue-blocks/cta-hero -->"
`;

exports[`ðŸ”¬ CTA Hero Block ðŸ”¬ Block Editor Fields ðŸ”Ž Page Title Field 1`] = `
"<!-- wp:purdue-blocks/cta-hero {\\"pageTitle\\":\\"CTA Hero page title test.\\"} -->
<div class=\\"pu-cta-hero\\"><div class=\\"hero is-large\\"><div class=\\"hero-body\\"><div class=\\"background-image\\" aria-label=\\"\\"><style>
              .background-image {background-image: url();}
              @media (max-width: 767px) {
                .background-image {background-image: url();}
              }
            </style></div><div class=\\"container\\"><div class=\\"content\\"><h1>CTA Hero page title test.</h1><a href=\\"\\" class=\\"pu-cta-hero__button\\"></a></div></div></div></div></div>
<!-- /wp:purdue-blocks/cta-hero -->"
`;

exports[`ðŸ”¬ CTA Hero Block ðŸ”¬ Block Editor Fields ðŸ”¬ CTA Button Settings Fields ðŸ”Ž CTA text field 1`] = `
"<!-- wp:purdue-blocks/cta-hero {\\"ctaText\\":\\"CTA Hero button text test.\\"} -->
<div class=\\"pu-cta-hero\\"><div class=\\"hero is-large\\"><div class=\\"hero-body\\"><div class=\\"background-image\\" aria-label=\\"\\"><style>
              .background-image {background-image: url();}
              @media (max-width: 767px) {
                .background-image {background-image: url();}
              }
            </style></div><div class=\\"container\\"><div class=\\"content\\"><h1></h1><a href=\\"\\" class=\\"pu-cta-hero__button\\">CTA Hero button text test.</a></div></div></div></div></div>
<!-- /wp:purdue-blocks/cta-hero -->"
`;

exports[`ðŸ”¬ CTA Hero Block ðŸ”¬ Block Editor Fields ðŸ”¬ CTA Button Settings Fields ðŸ”Ž CTA url field 1`] = `
"<!-- wp:purdue-blocks/cta-hero {\\"ctaUrl\\":\\"https://www.purdue.edu\\"} -->
<div class=\\"pu-cta-hero\\"><div class=\\"hero is-large\\"><div class=\\"hero-body\\"><div class=\\"background-image\\" aria-label=\\"\\"><style>
              .background-image {background-image: url();}
              @media (max-width: 767px) {
                .background-image {background-image: url();}
              }
            </style></div><div class=\\"container\\"><div class=\\"content\\"><h1></h1><a href=\\"https://www.purdue.edu\\" class=\\"pu-cta-hero__button\\"></a></div></div></div></div></div>
<!-- /wp:purdue-blocks/cta-hero -->"
`;

exports[`ðŸ”¬ CTA Hero Block ðŸ”¬ Side Panel Settings ðŸ”Ž Image alt text field. 1`] = `
"<!-- wp:purdue-blocks/cta-hero {\\"altText\\":\\"Image alt text.\\"} -->
<div class=\\"pu-cta-hero\\"><div class=\\"hero is-large\\"><div class=\\"hero-body\\"><div class=\\"background-image\\" aria-label=\\"Image alt text.\\"><style>
              .background-image {background-image: url();}
              @media (max-width: 767px) {
                .background-image {background-image: url();}
              }
            </style></div><div class=\\"container\\"><div class=\\"content\\"><h1></h1><a href=\\"\\" class=\\"pu-cta-hero__button\\"></a></div></div></div></div></div>
<!-- /wp:purdue-blocks/cta-hero -->"
`;
