// Jest Snapshot v1, https://goo.gl/fbAQLP

exports[`ðŸ”¬ Accordion Block ðŸ”Ž Block should be available. 1`] = `
"<!-- wp:purdue-blocks/accordion {\\"id\\":\\"279ec068-cece-41e9-86a6-98ce85503787\\"} -->
<div class=\\"accordion\\"><p id=\\"title-279ec068-cece-41e9-86a6-98ce85503787\\" class=\\"accordion-title\\" aria-controls=\\"content-279ec068-cece-41e9-86a6-98ce85503787\\" aria-expanded=\\"false\\"></p><div id=\\"content-279ec068-cece-41e9-86a6-98ce85503787\\" class=\\"accordion-content\\"><!-- wp:paragraph {\\"placeholder\\":\\"Add content\\"} -->
<p></p>
<!-- /wp:paragraph --></div></div>
<!-- /wp:purdue-blocks/accordion -->"
`;
